// Jest Snapshot v1, https://goo.gl/fbAQLP

exports[`Account Form correctly renderer Matches to snapshot 1`] = `
<RCTScrollView
  style={
    Object {
      "marginHorizontal": 20,
    }
  }
>
  <View>
    <View
      style={
        Object {
          "alignItems": "center",
          "justifyContent": "center",
          "padding": 50,
        }
      }
    >
      <Image
        source={
          Object {
            "testUri": "../../../src/image/Placeholder150.png",
          }
        }
      />
    </View>
    <View>
      <View>
        <View
          style={
            Object {
              "alignItems": "flex-start",
              "backgroundColor": "#ffffff",
              "display": "flex",
              "flex": 1,
              "flexBasis": 90,
              "flexDirection": "column",
              "justifyContent": "center",
              "margin": 5,
            }
          }
        >
          <Text
            style={
              Object {
                "flex": 1,
                "fontSize": 16,
                "paddingBottom": 10,
              }
            }
          >
            Email: 
          </Text>
          <TextInput
            allowFontScaling={true}
            autoCorrect={false}
            onChangeText={[Function]}
            placeholder="user.email@dummy.com"
            rejectResponderTermination={true}
            style={
              Object {
                "backgroundColor": "#ffffff",
                "color": "#000",
                "elevation": 1,
                "flex": 2,
                "fontSize": 18,
                "lineHeight": 3,
                "paddingBottom": 20,
                "paddingLeft": 5,
                "paddingRight": 5,
                "shadowOffset": Object {
                  "height": 10,
                  "width": 5,
                },
                "shadowOpacity": 1,
                "shadowRadius": 5,
              }
            }
            underlineColorAndroid="transparent"
            underlineColorAnroid="transparent"
            value="Test"
          />
          <Text
            style={
              Object {
                "bottom": 0,
                "color": "red",
                "elevation": 1,
                "fontSize": 10,
                "justifyContent": "center",
                "marginTop": 10,
                "position": "absolute",
                "textAlign": "center",
              }
            }
          >
            Test
          </Text>
        </View>
      </View>
      <View>
        <View
          style={
            Object {
              "alignItems": "flex-start",
              "backgroundColor": "#ffffff",
              "display": "flex",
              "flex": 1,
              "flexBasis": 90,
              "flexDirection": "column",
              "justifyContent": "center",
              "margin": 5,
            }
          }
        >
          <Text
            style={
              Object {
                "flex": 1,
                "fontSize": 16,
                "paddingBottom": 10,
              }
            }
          >
            Password: 
          </Text>
          <TextInput
            allowFontScaling={true}
            autoCorrect={false}
            onChangeText={[Function]}
            placeholder="*******************"
            rejectResponderTermination={true}
            secureTextEntry={true}
            style={
              Object {
                "backgroundColor": "#ffffff",
                "color": "#000",
                "elevation": 1,
                "flex": 2,
                "fontSize": 18,
                "lineHeight": 3,
                "paddingBottom": 20,
                "paddingLeft": 5,
                "paddingRight": 5,
                "shadowOffset": Object {
                  "height": 10,
                  "width": 5,
                },
                "shadowOpacity": 1,
                "shadowRadius": 5,
              }
            }
            underlineColorAndroid="transparent"
            underlineColorAnroid="transparent"
            value="Test"
          />
          <Text
            style={
              Object {
                "bottom": 0,
                "color": "red",
                "elevation": 1,
                "fontSize": 10,
                "justifyContent": "center",
                "marginTop": 10,
                "position": "absolute",
                "textAlign": "center",
              }
            }
          >
            Test
          </Text>
        </View>
      </View>
    </View>
    <View
      style={
        Object {
          "alignItems": "center",
          "display": "flex",
          "flex": 1,
          "flexBasis": 90,
          "flexDirection": "column",
          "justifyContent": "center",
          "margin": 10,
        }
      }
    >
      <Text
        style={
          Object {
            "alignSelf": "center",
            "backgroundColor": "#ffffff",
            "color": "red",
            "fontSize": 20,
            "justifyContent": "center",
          }
        }
      >
        Test
      </Text>
      <View
        accessible={true}
        focusable={false}
        isTVSelectable={true}
        onClick={[Function]}
        onResponderGrant={[Function]}
        onResponderMove={[Function]}
        onResponderRelease={[Function]}
        onResponderTerminate={[Function]}
        onResponderTerminationRequest={[Function]}
        onStartShouldSetResponder={[Function]}
        style={
          Object {
            "opacity": 1,
          }
        }
      >
        <Text>
          Log-In
        </Text>
      </View>
      <View
        accessible={true}
        focusable={true}
        isTVSelectable={true}
        onClick={[Function]}
        onResponderGrant={[Function]}
        onResponderMove={[Function]}
        onResponderRelease={[Function]}
        onResponderTerminate={[Function]}
        onResponderTerminationRequest={[Function]}
        onStartShouldSetResponder={[Function]}
        style={
          Object {
            "flex": 1,
            "opacity": 1,
            "textColor": "black",
          }
        }
      >
        <Text
          style={
            Object {
              "color": "gray",
            }
          }
        >
          Forgot Password?
        </Text>
      </View>
    </View>
    <View>
      <View
        style={
          Object {
            "alignItems": "center",
            "borderTopColor": "color",
            "borderTopWidth": 2,
            "marginBottom": 20,
            "marginTop": 130,
            "paddingUp": 10,
          }
        }
      >
        <View
          accessible={true}
          focusable={true}
          isTVSelectable={true}
          onClick={[Function]}
          onResponderGrant={[Function]}
          onResponderMove={[Function]}
          onResponderRelease={[Function]}
          onResponderTerminate={[Function]}
          onResponderTerminationRequest={[Function]}
          onStartShouldSetResponder={[Function]}
          style={
            Object {
              "flex": 1,
              "opacity": 1,
              "textColor": "black",
            }
          }
        >
          <Text
            style={
              Object {
                "color": "gray",
                "marginTop": 10,
              }
            }
          >
            Create an Account
          </Text>
        </View>
      </View>
    </View>
  </View>
</RCTScrollView>
`;
