// Jest Snapshot v1, https://goo.gl/fbAQLP

exports[`Account Image correctly renders Matches the snapshot 1`] = `
<Image
  source={
    Object {
      "testUri": "../../../src/image/Placeholder150.png",
    }
  }
/>
`;
