// Jest Snapshot v1, https://goo.gl/fbAQLP

exports[`Account Image correctly renders Matches the snapshot 1`] = `
<View
  style={Object {}}
>
  <View
    accessible={true}
    focusable={true}
    isTVSelectable={true}
    onClick={[Function]}
    onResponderGrant={[Function]}
    onResponderMove={[Function]}
    onResponderRelease={[Function]}
    onResponderTerminate={[Function]}
    onResponderTerminationRequest={[Function]}
    onStartShouldSetResponder={[Function]}
    style={
      Object {
        "opacity": 1,
      }
    }
  >
    <Text
      style={Object {}}
    >
      Test
    </Text>
  </View>
</View>
`;
