// Jest Snapshot v1, https://goo.gl/fbAQLP

exports[`AccountDetail correctly Matches the snapshot 1`] = `
<View
  style={
    Object {
      "flexDirection": "column",
      "justifyContent": "center",
    }
  }
>
  <View
    style={
      Object {
        "borderColor": "black",
        "borderRadius": 10,
        "borderWidth": 1,
        "display": "flex",
        "flex": 1,
        "flexDirection": "row",
        "margin": 5,
      }
    }
  >
    <View
      style={
        Object {
          "alignItems": "flex-start",
          "backgroundColor": "#ffffff",
          "display": "flex",
          "flex": 1,
          "flexBasis": 90,
          "flexDirection": "column",
          "justifyContent": "center",
          "margin": 5,
        }
      }
    >
      <Text
        style={
          Object {
            "flex": 1,
            "fontSize": 16,
            "paddingBottom": 10,
          }
        }
      >
        First Name: 
      </Text>
      <TextInput
        allowFontScaling={true}
        autoCorrect={false}
        onChangeText={[Function]}
        placeholder="i.e. John"
        rejectResponderTermination={true}
        style={
          Object {
            "backgroundColor": "#ffffff",
            "color": "#000",
            "elevation": 1,
            "flex": 2,
            "fontSize": 18,
            "lineHeight": 3,
            "paddingBottom": 20,
            "paddingLeft": 5,
            "paddingRight": 5,
            "shadowOffset": Object {
              "height": 10,
              "width": 5,
            },
            "shadowOpacity": 1,
            "shadowRadius": 5,
          }
        }
        underlineColorAndroid="transparent"
        underlineColorAnroid="transparent"
        value="Test"
      />
      <Text
        style={
          Object {
            "bottom": 0,
            "color": "red",
            "elevation": 1,
            "fontSize": 10,
            "justifyContent": "center",
            "marginTop": 10,
            "position": "absolute",
            "textAlign": "center",
          }
        }
      >
        Test
      </Text>
    </View>
    <View
      style={
        Object {
          "alignItems": "flex-start",
          "backgroundColor": "#ffffff",
          "display": "flex",
          "flex": 1,
          "flexBasis": 90,
          "flexDirection": "column",
          "justifyContent": "center",
          "margin": 5,
        }
      }
    >
      <Text
        style={
          Object {
            "flex": 1,
            "fontSize": 16,
            "paddingBottom": 10,
          }
        }
      >
        Last Name: 
      </Text>
      <TextInput
        allowFontScaling={true}
        autoCorrect={false}
        onChangeText={[Function]}
        placeholder="i.e. Williams"
        rejectResponderTermination={true}
        style={
          Object {
            "backgroundColor": "#ffffff",
            "color": "#000",
            "elevation": 1,
            "flex": 2,
            "fontSize": 18,
            "lineHeight": 3,
            "paddingBottom": 20,
            "paddingLeft": 5,
            "paddingRight": 5,
            "shadowOffset": Object {
              "height": 10,
              "width": 5,
            },
            "shadowOpacity": 1,
            "shadowRadius": 5,
          }
        }
        underlineColorAndroid="transparent"
        underlineColorAnroid="transparent"
        value="Test"
      />
      <Text
        style={
          Object {
            "bottom": 0,
            "color": "red",
            "elevation": 1,
            "fontSize": 10,
            "justifyContent": "center",
            "marginTop": 10,
            "position": "absolute",
            "textAlign": "center",
          }
        }
      >
        Test
      </Text>
    </View>
  </View>
  <View
    style={
      Object {
        "borderColor": "black",
        "borderRadius": 10,
        "borderWidth": 1,
        "display": "flex",
        "flex": 1,
        "flexDirection": "row",
        "margin": 5,
      }
    }
  >
    <View
      style={
        Object {
          "alignItems": "flex-start",
          "backgroundColor": "#ffffff",
          "display": "flex",
          "flex": 1,
          "flexBasis": 90,
          "flexDirection": "column",
          "justifyContent": "center",
          "margin": 5,
        }
      }
    >
      <Text
        style={
          Object {
            "flex": 1,
            "fontSize": 16,
            "paddingBottom": 10,
          }
        }
      >
        Telephone: 
      </Text>
      <TextInput
        allowFontScaling={true}
        autoCorrect={false}
        onChangeText={[Function]}
        placeholder="i.e. 111-111-1111"
        rejectResponderTermination={true}
        style={
          Object {
            "backgroundColor": "#ffffff",
            "color": "#000",
            "elevation": 1,
            "flex": 2,
            "fontSize": 18,
            "lineHeight": 3,
            "paddingBottom": 20,
            "paddingLeft": 5,
            "paddingRight": 5,
            "shadowOffset": Object {
              "height": 10,
              "width": 5,
            },
            "shadowOpacity": 1,
            "shadowRadius": 5,
          }
        }
        underlineColorAndroid="transparent"
        underlineColorAnroid="transparent"
        value="Test"
      />
      <Text
        style={
          Object {
            "bottom": 0,
            "color": "red",
            "elevation": 1,
            "fontSize": 10,
            "justifyContent": "center",
            "marginTop": 10,
            "position": "absolute",
            "textAlign": "center",
          }
        }
      >
        Test
      </Text>
    </View>
    <View
      style={
        Object {
          "alignItems": "flex-start",
          "backgroundColor": "#ffffff",
          "display": "flex",
          "flex": 1,
          "flexBasis": 90,
          "flexDirection": "column",
          "justifyContent": "center",
          "margin": 5,
        }
      }
    >
      <Text
        style={
          Object {
            "flex": 1,
            "fontSize": 16,
            "paddingBottom": 10,
          }
        }
      >
        Date of Birth: 
      </Text>
      <TextInput
        allowFontScaling={true}
        autoCorrect={false}
        onChangeText={[Function]}
        placeholder="i.ei 1987-01-01"
        rejectResponderTermination={true}
        style={
          Object {
            "backgroundColor": "#ffffff",
            "color": "#000",
            "elevation": 1,
            "flex": 2,
            "fontSize": 18,
            "lineHeight": 3,
            "paddingBottom": 20,
            "paddingLeft": 5,
            "paddingRight": 5,
            "shadowOffset": Object {
              "height": 10,
              "width": 5,
            },
            "shadowOpacity": 1,
            "shadowRadius": 5,
          }
        }
        underlineColorAndroid="transparent"
        underlineColorAnroid="transparent"
        value="Test"
      />
      <Text
        style={
          Object {
            "bottom": 0,
            "color": "red",
            "elevation": 1,
            "fontSize": 10,
            "justifyContent": "center",
            "marginTop": 10,
            "position": "absolute",
            "textAlign": "center",
          }
        }
      >
        Test
      </Text>
    </View>
  </View>
  <View
    style={
      Object {
        "borderColor": "black",
        "borderRadius": 10,
        "borderWidth": 1,
        "display": "flex",
        "flex": 1,
        "flexDirection": "row",
        "margin": 5,
      }
    }
  >
    <View
      style={
        Object {
          "alignItems": "flex-start",
          "backgroundColor": "#ffffff",
          "display": "flex",
          "flex": 1,
          "flexBasis": 90,
          "flexDirection": "column",
          "justifyContent": "center",
          "margin": 5,
        }
      }
    >
      <Text
        style={
          Object {
            "flex": 1,
            "fontSize": 16,
            "paddingBottom": 10,
          }
        }
      >
        Gender: 
      </Text>
      <TextInput
        allowFontScaling={true}
        autoCorrect={false}
        onChangeText={[Function]}
        placeholder="i.e. Male"
        rejectResponderTermination={true}
        style={
          Object {
            "backgroundColor": "#ffffff",
            "color": "#000",
            "elevation": 1,
            "flex": 2,
            "fontSize": 18,
            "lineHeight": 3,
            "paddingBottom": 20,
            "paddingLeft": 5,
            "paddingRight": 5,
            "shadowOffset": Object {
              "height": 10,
              "width": 5,
            },
            "shadowOpacity": 1,
            "shadowRadius": 5,
          }
        }
        underlineColorAndroid="transparent"
        underlineColorAnroid="transparent"
        value="Test"
      />
      <Text
        style={
          Object {
            "bottom": 0,
            "color": "red",
            "elevation": 1,
            "fontSize": 10,
            "justifyContent": "center",
            "marginTop": 10,
            "position": "absolute",
            "textAlign": "center",
          }
        }
      >
        Test
      </Text>
    </View>
    <View
      style={
        Object {
          "alignItems": "flex-start",
          "backgroundColor": "#ffffff",
          "display": "flex",
          "flex": 1,
          "flexBasis": 90,
          "flexDirection": "column",
          "justifyContent": "center",
          "margin": 5,
        }
      }
    >
      <Text
        style={
          Object {
            "flex": 1,
            "fontSize": 16,
            "paddingBottom": 10,
          }
        }
      >
        Is Provider: 
      </Text>
      <TextInput
        allowFontScaling={true}
        autoCorrect={false}
        onChangeText={[Function]}
        placeholder="i.e. Yes/No"
        rejectResponderTermination={true}
        style={
          Object {
            "backgroundColor": "#ffffff",
            "color": "#000",
            "elevation": 1,
            "flex": 2,
            "fontSize": 18,
            "lineHeight": 3,
            "paddingBottom": 20,
            "paddingLeft": 5,
            "paddingRight": 5,
            "shadowOffset": Object {
              "height": 10,
              "width": 5,
            },
            "shadowOpacity": 1,
            "shadowRadius": 5,
          }
        }
        underlineColorAndroid="transparent"
        underlineColorAnroid="transparent"
        value="Test"
      />
      <Text
        style={
          Object {
            "bottom": 0,
            "color": "red",
            "elevation": 1,
            "fontSize": 10,
            "justifyContent": "center",
            "marginTop": 10,
            "position": "absolute",
            "textAlign": "center",
          }
        }
      />
    </View>
  </View>
  <View>
    <View
      style={
        Object {
          "borderColor": "black",
          "borderRadius": 10,
          "borderWidth": 1,
          "display": "flex",
          "flex": 1,
          "flexDirection": "row",
          "margin": 5,
        }
      }
    >
      <View
        style={
          Object {
            "alignItems": "flex-start",
            "backgroundColor": "#ffffff",
            "display": "flex",
            "flex": 1,
            "flexBasis": 90,
            "flexDirection": "column",
            "justifyContent": "center",
            "margin": 5,
          }
        }
      >
        <Text
          style={
            Object {
              "flex": 1,
              "fontSize": 16,
              "paddingBottom": 10,
            }
          }
        >
          Address: 
        </Text>
        <TextInput
          allowFontScaling={true}
          autoCorrect={false}
          onChangeText={[Function]}
          placeholder="i.e. 100 Main Street"
          rejectResponderTermination={true}
          style={
            Object {
              "backgroundColor": "#ffffff",
              "color": "#000",
              "elevation": 1,
              "flex": 2,
              "fontSize": 18,
              "lineHeight": 3,
              "paddingBottom": 20,
              "paddingLeft": 5,
              "paddingRight": 5,
              "shadowOffset": Object {
                "height": 10,
                "width": 5,
              },
              "shadowOpacity": 1,
              "shadowRadius": 5,
            }
          }
          underlineColorAndroid="transparent"
          underlineColorAnroid="transparent"
          value="Test"
        />
        <Text
          style={
            Object {
              "bottom": 0,
              "color": "red",
              "elevation": 1,
              "fontSize": 10,
              "justifyContent": "center",
              "marginTop": 10,
              "position": "absolute",
              "textAlign": "center",
            }
          }
        >
          Test
        </Text>
      </View>
      <View
        style={
          Object {
            "alignItems": "flex-start",
            "backgroundColor": "#ffffff",
            "display": "flex",
            "flex": 1,
            "flexBasis": 90,
            "flexDirection": "column",
            "justifyContent": "center",
            "margin": 5,
          }
        }
      >
        <Text
          style={
            Object {
              "flex": 1,
              "fontSize": 16,
              "paddingBottom": 10,
            }
          }
        >
          City: 
        </Text>
        <TextInput
          allowFontScaling={true}
          autoCorrect={false}
          onChangeText={[Function]}
          placeholder="i.e. Malven"
          rejectResponderTermination={true}
          style={
            Object {
              "backgroundColor": "#ffffff",
              "color": "#000",
              "elevation": 1,
              "flex": 2,
              "fontSize": 18,
              "lineHeight": 3,
              "paddingBottom": 20,
              "paddingLeft": 5,
              "paddingRight": 5,
              "shadowOffset": Object {
                "height": 10,
                "width": 5,
              },
              "shadowOpacity": 1,
              "shadowRadius": 5,
            }
          }
          underlineColorAndroid="transparent"
          underlineColorAnroid="transparent"
          value="Test"
        />
        <Text
          style={
            Object {
              "bottom": 0,
              "color": "red",
              "elevation": 1,
              "fontSize": 10,
              "justifyContent": "center",
              "marginTop": 10,
              "position": "absolute",
              "textAlign": "center",
            }
          }
        >
          Test
        </Text>
      </View>
    </View>
    <View
      style={
        Object {
          "borderColor": "black",
          "borderRadius": 10,
          "borderWidth": 1,
          "display": "flex",
          "flex": 1,
          "flexDirection": "row",
          "margin": 5,
        }
      }
    >
      <View
        style={
          Object {
            "alignItems": "flex-start",
            "backgroundColor": "#ffffff",
            "display": "flex",
            "flex": 1,
            "flexBasis": 90,
            "flexDirection": "column",
            "justifyContent": "center",
            "margin": 5,
          }
        }
      >
        <Text
          style={
            Object {
              "flex": 1,
              "fontSize": 16,
              "paddingBottom": 10,
            }
          }
        >
          State: 
        </Text>
        <TextInput
          allowFontScaling={true}
          autoCorrect={false}
          onChangeText={[Function]}
          placeholder="i.e. PA"
          rejectResponderTermination={true}
          style={
            Object {
              "backgroundColor": "#ffffff",
              "color": "#000",
              "elevation": 1,
              "flex": 2,
              "fontSize": 18,
              "lineHeight": 3,
              "paddingBottom": 20,
              "paddingLeft": 5,
              "paddingRight": 5,
              "shadowOffset": Object {
                "height": 10,
                "width": 5,
              },
              "shadowOpacity": 1,
              "shadowRadius": 5,
            }
          }
          underlineColorAndroid="transparent"
          underlineColorAnroid="transparent"
          value="Test"
        />
        <Text
          style={
            Object {
              "bottom": 0,
              "color": "red",
              "elevation": 1,
              "fontSize": 10,
              "justifyContent": "center",
              "marginTop": 10,
              "position": "absolute",
              "textAlign": "center",
            }
          }
        >
          Test
        </Text>
      </View>
      <View
        style={
          Object {
            "alignItems": "flex-start",
            "backgroundColor": "#ffffff",
            "display": "flex",
            "flex": 1,
            "flexBasis": 90,
            "flexDirection": "column",
            "justifyContent": "center",
            "margin": 5,
          }
        }
      >
        <Text
          style={
            Object {
              "flex": 1,
              "fontSize": 16,
              "paddingBottom": 10,
            }
          }
        >
          Zip: 
        </Text>
        <TextInput
          allowFontScaling={true}
          autoCorrect={false}
          keyboardType="numbers-and-punctuation"
          onChangeText={[Function]}
          placeholder="i.e. 19901"
          rejectResponderTermination={true}
          style={
            Object {
              "backgroundColor": "#ffffff",
              "color": "#000",
              "elevation": 1,
              "flex": 2,
              "fontSize": 18,
              "lineHeight": 3,
              "paddingBottom": 20,
              "paddingLeft": 5,
              "paddingRight": 5,
              "shadowOffset": Object {
                "height": 10,
                "width": 5,
              },
              "shadowOpacity": 1,
              "shadowRadius": 5,
            }
          }
          underlineColorAndroid="transparent"
          underlineColorAnroid="transparent"
          value="Test"
        />
        <Text
          style={
            Object {
              "bottom": 0,
              "color": "red",
              "elevation": 1,
              "fontSize": 10,
              "justifyContent": "center",
              "marginTop": 10,
              "position": "absolute",
              "textAlign": "center",
            }
          }
        >
          Test
        </Text>
      </View>
    </View>
  </View>
  <View
    style={
      Object {
        "flexDirection": "column",
        "justifyContent": "center",
      }
    }
  >
    <Text
      style={
        Object {
          "alignSelf": "center",
          "backgroundColor": "#ffffff",
          "color": "red",
          "fontSize": 20,
          "justifyContent": "center",
        }
      }
    >
      Test
    </Text>
  </View>
  <View
    style={
      Object {
        "display": "flex",
        "flex": 1,
        "flexDirection": "row",
        "paddingBottom": 15,
      }
    }
  >
    <View
      accessible={true}
      focusable={false}
      isTVSelectable={true}
      onClick={[Function]}
      onResponderGrant={[Function]}
      onResponderMove={[Function]}
      onResponderRelease={[Function]}
      onResponderTerminate={[Function]}
      onResponderTerminationRequest={[Function]}
      onStartShouldSetResponder={[Function]}
      style={
        Object {
          "opacity": 1,
        }
      }
    >
      <Text>
        Submit
      </Text>
    </View>
  </View>
  <View
    style={
      Object {
        "display": "flex",
        "flex": 1,
        "flexDirection": "row",
        "paddingBottom": 15,
      }
    }
  >
    <View
      accessible={true}
      focusable={false}
      isTVSelectable={true}
      onClick={[Function]}
      onResponderGrant={[Function]}
      onResponderMove={[Function]}
      onResponderRelease={[Function]}
      onResponderTerminate={[Function]}
      onResponderTerminationRequest={[Function]}
      onStartShouldSetResponder={[Function]}
      style={
        Object {
          "opacity": 1,
        }
      }
    >
      <Text>
        Delete Profile
      </Text>
    </View>
  </View>
  <View
    style={
      Object {
        "display": "flex",
        "flex": 1,
        "flexDirection": "row",
        "paddingBottom": 15,
      }
    }
  >
    <View
      accessible={true}
      focusable={false}
      isTVSelectable={true}
      onClick={[Function]}
      onResponderGrant={[Function]}
      onResponderMove={[Function]}
      onResponderRelease={[Function]}
      onResponderTerminate={[Function]}
      onResponderTerminationRequest={[Function]}
      onStartShouldSetResponder={[Function]}
      style={
        Object {
          "opacity": 1,
        }
      }
    >
      <Text>
        Preference
      </Text>
    </View>
  </View>
</View>
`;
