// Jest Snapshot v1, https://goo.gl/fbAQLP

exports[`Account Sign Up correctly renders Matches the snapshot 1`] = `
<View>
  <View
    style={
      Object {
        "flex": 1,
        "flexDirection": "row",
      }
    }
  >
    <View
      style={
        Object {
          "alignItems": "flex-start",
          "backgroundColor": "#ffffff",
          "display": "flex",
          "flex": 1,
          "flexBasis": 90,
          "flexDirection": "column",
          "justifyContent": "center",
          "margin": 5,
        }
      }
    >
      <Text
        style={
          Object {
            "flex": 1,
            "fontSize": 16,
            "paddingBottom": 10,
          }
        }
      >
        First Name: 
      </Text>
      <TextInput
        allowFontScaling={true}
        autoCorrect={false}
        onChangeText={[Function]}
        placeholder="i.e. William"
        rejectResponderTermination={true}
        style={
          Object {
            "backgroundColor": "#ffffff",
            "color": "#000",
            "elevation": 1,
            "flex": 2,
            "fontSize": 18,
            "lineHeight": 3,
            "paddingBottom": 20,
            "paddingLeft": 5,
            "paddingRight": 5,
            "shadowOffset": Object {
              "height": 10,
              "width": 5,
            },
            "shadowOpacity": 1,
            "shadowRadius": 5,
          }
        }
        underlineColorAndroid="transparent"
        underlineColorAnroid="transparent"
        value="Test"
      />
      <Text
        style={
          Object {
            "bottom": 0,
            "color": "red",
            "elevation": 1,
            "fontSize": 10,
            "justifyContent": "center",
            "marginTop": 10,
            "position": "absolute",
            "textAlign": "center",
          }
        }
      >
        Test
      </Text>
    </View>
    <View
      style={
        Object {
          "alignItems": "flex-start",
          "backgroundColor": "#ffffff",
          "display": "flex",
          "flex": 1,
          "flexBasis": 90,
          "flexDirection": "column",
          "justifyContent": "center",
          "margin": 5,
        }
      }
    >
      <Text
        style={
          Object {
            "flex": 1,
            "fontSize": 16,
            "paddingBottom": 10,
          }
        }
      >
        Last Name: 
      </Text>
      <TextInput
        allowFontScaling={true}
        autoCorrect={false}
        onChangeText={[Function]}
        placeholder="i.e. Jackson"
        rejectResponderTermination={true}
        style={
          Object {
            "backgroundColor": "#ffffff",
            "color": "#000",
            "elevation": 1,
            "flex": 2,
            "fontSize": 18,
            "lineHeight": 3,
            "paddingBottom": 20,
            "paddingLeft": 5,
            "paddingRight": 5,
            "shadowOffset": Object {
              "height": 10,
              "width": 5,
            },
            "shadowOpacity": 1,
            "shadowRadius": 5,
          }
        }
        underlineColorAndroid="transparent"
        underlineColorAnroid="transparent"
        value="Test"
      />
      <Text
        style={
          Object {
            "bottom": 0,
            "color": "red",
            "elevation": 1,
            "fontSize": 10,
            "justifyContent": "center",
            "marginTop": 10,
            "position": "absolute",
            "textAlign": "center",
          }
        }
      >
        Test
      </Text>
    </View>
  </View>
  <View
    style={
      Object {
        "flex": 1,
        "flexDirection": "row",
      }
    }
  >
    <View
      style={
        Object {
          "alignItems": "flex-start",
          "backgroundColor": "#ffffff",
          "display": "flex",
          "flex": 1,
          "flexBasis": 90,
          "flexDirection": "column",
          "justifyContent": "center",
          "margin": 5,
        }
      }
    >
      <Text
        style={
          Object {
            "flex": 1,
            "fontSize": 16,
            "paddingBottom": 10,
          }
        }
      >
        Date of Birth: 
      </Text>
      <TextInput
        allowFontScaling={true}
        autoCorrect={false}
        onChangeText={[Function]}
        placeholder="i.e. 1987-01-01"
        rejectResponderTermination={true}
        style={
          Object {
            "backgroundColor": "#ffffff",
            "color": "#000",
            "elevation": 1,
            "flex": 2,
            "fontSize": 18,
            "lineHeight": 3,
            "paddingBottom": 20,
            "paddingLeft": 5,
            "paddingRight": 5,
            "shadowOffset": Object {
              "height": 10,
              "width": 5,
            },
            "shadowOpacity": 1,
            "shadowRadius": 5,
          }
        }
        underlineColorAndroid="transparent"
        underlineColorAnroid="transparent"
        value="Test"
      />
      <Text
        style={
          Object {
            "bottom": 0,
            "color": "red",
            "elevation": 1,
            "fontSize": 10,
            "justifyContent": "center",
            "marginTop": 10,
            "position": "absolute",
            "textAlign": "center",
          }
        }
      >
        Test
      </Text>
    </View>
  </View>
  <View
    style={
      Object {
        "flex": 1,
        "flexDirection": "row",
      }
    }
  >
    <View
      style={
        Object {
          "alignItems": "flex-start",
          "backgroundColor": "#ffffff",
          "display": "flex",
          "flex": 1,
          "flexBasis": 90,
          "flexDirection": "column",
          "justifyContent": "center",
          "margin": 5,
        }
      }
    >
      <Text
        style={
          Object {
            "flex": 1,
            "fontSize": 16,
            "paddingBottom": 10,
          }
        }
      >
        Email: 
      </Text>
      <TextInput
        allowFontScaling={true}
        autoCorrect={false}
        onChangeText={[Function]}
        placeholder="i.e. e@dummy.com"
        rejectResponderTermination={true}
        style={
          Object {
            "backgroundColor": "#ffffff",
            "color": "#000",
            "elevation": 1,
            "flex": 2,
            "fontSize": 18,
            "lineHeight": 3,
            "paddingBottom": 20,
            "paddingLeft": 5,
            "paddingRight": 5,
            "shadowOffset": Object {
              "height": 10,
              "width": 5,
            },
            "shadowOpacity": 1,
            "shadowRadius": 5,
          }
        }
        underlineColorAndroid="transparent"
        underlineColorAnroid="transparent"
        value="Test"
      />
      <Text
        style={
          Object {
            "bottom": 0,
            "color": "red",
            "elevation": 1,
            "fontSize": 10,
            "justifyContent": "center",
            "marginTop": 10,
            "position": "absolute",
            "textAlign": "center",
          }
        }
      >
        Test
      </Text>
    </View>
    <View
      style={
        Object {
          "alignItems": "flex-start",
          "backgroundColor": "#ffffff",
          "display": "flex",
          "flex": 1,
          "flexBasis": 90,
          "flexDirection": "column",
          "justifyContent": "center",
          "margin": 5,
        }
      }
    >
      <Text
        style={
          Object {
            "flex": 1,
            "fontSize": 16,
            "paddingBottom": 10,
          }
        }
      >
        Password:
      </Text>
      <TextInput
        allowFontScaling={true}
        autoCorrect={false}
        onChangeText={[Function]}
        placeholder="Password"
        rejectResponderTermination={true}
        secureTextEntry={true}
        style={
          Object {
            "backgroundColor": "#ffffff",
            "color": "#000",
            "elevation": 1,
            "flex": 2,
            "fontSize": 18,
            "lineHeight": 3,
            "paddingBottom": 20,
            "paddingLeft": 5,
            "paddingRight": 5,
            "shadowOffset": Object {
              "height": 10,
              "width": 5,
            },
            "shadowOpacity": 1,
            "shadowRadius": 5,
          }
        }
        underlineColorAndroid="transparent"
        underlineColorAnroid="transparent"
        value="Test"
      />
      <Text
        style={
          Object {
            "bottom": 0,
            "color": "red",
            "elevation": 1,
            "fontSize": 10,
            "justifyContent": "center",
            "marginTop": 10,
            "position": "absolute",
            "textAlign": "center",
          }
        }
      >
        Test
      </Text>
    </View>
  </View>
  <View
    style={
      Object {
        "flex": 1,
        "flexDirection": "row",
      }
    }
  >
    <View
      style={
        Object {
          "alignItems": "flex-start",
          "backgroundColor": "#ffffff",
          "display": "flex",
          "flex": 1,
          "flexBasis": 90,
          "flexDirection": "column",
          "justifyContent": "center",
          "margin": 5,
        }
      }
    >
      <Text
        style={
          Object {
            "flex": 1,
            "fontSize": 16,
            "paddingBottom": 10,
          }
        }
      >
        Telephone: 
      </Text>
      <TextInput
        allowFontScaling={true}
        autoCorrect={false}
        onChangeText={[Function]}
        placeholder="i.e. 123-123-1234"
        rejectResponderTermination={true}
        style={
          Object {
            "backgroundColor": "#ffffff",
            "color": "#000",
            "elevation": 1,
            "flex": 2,
            "fontSize": 18,
            "lineHeight": 3,
            "paddingBottom": 20,
            "paddingLeft": 5,
            "paddingRight": 5,
            "shadowOffset": Object {
              "height": 10,
              "width": 5,
            },
            "shadowOpacity": 1,
            "shadowRadius": 5,
          }
        }
        underlineColorAndroid="transparent"
        underlineColorAnroid="transparent"
        value="Test"
      />
      <Text
        style={
          Object {
            "bottom": 0,
            "color": "red",
            "elevation": 1,
            "fontSize": 10,
            "justifyContent": "center",
            "marginTop": 10,
            "position": "absolute",
            "textAlign": "center",
          }
        }
      >
        Test
      </Text>
    </View>
    <View
      style={
        Object {
          "alignItems": "flex-start",
          "backgroundColor": "#ffffff",
          "display": "flex",
          "flex": 1,
          "flexBasis": 90,
          "flexDirection": "column",
          "justifyContent": "center",
          "margin": 5,
        }
      }
    >
      <Text>
        Gender: 
      </Text>
      <View>
        <View
          accessible={true}
          focusable={true}
          isTVSelectable={true}
          onClick={[Function]}
          onResponderGrant={[Function]}
          onResponderMove={[Function]}
          onResponderRelease={[Function]}
          onResponderTerminate={[Function]}
          onResponderTerminationRequest={[Function]}
          onStartShouldSetResponder={[Function]}
          style={
            Object {
              "opacity": 1,
            }
          }
        >
          <View>
            <View>
              <View
                style={
                  Object {
                    "alignItems": "flex-start",
                    "backgroundColor": "#ffffff",
                    "display": "flex",
                    "flex": 1,
                    "flexBasis": 90,
                    "flexDirection": "column",
                    "justifyContent": "center",
                    "margin": 5,
                  }
                }
              >
                <View
                  style={
                    Object {
                      "backgroundColor": "#ffffff",
                      "color": "#000",
                      "elevation": 1,
                      "flex": 2,
                      "fontSize": 18,
                      "lineHeight": 3,
                      "paddingBottom": 20,
                      "paddingLeft": 5,
                      "paddingRight": 5,
                      "shadowOffset": Object {
                        "height": 10,
                        "width": 5,
                      },
                      "shadowOpacity": 1,
                      "shadowRadius": 5,
                    }
                  }
                >
                  <Text>
                    Test
                  </Text>
                  <Text />
                </View>
              </View>
            </View>
          </View>
        </View>
        <Modal
          animationType="none"
          hardwareAccelerated={false}
          onRequestClose={[Function]}
          transparent={true}
          visible={false}
        >
          <View
            accessible={true}
            focusable={true}
            onClick={[Function]}
            onResponderGrant={[Function]}
            onResponderMove={[Function]}
            onResponderRelease={[Function]}
            onResponderTerminate={[Function]}
            onResponderTerminationRequest={[Function]}
            onStartShouldSetResponder={[Function]}
            style={
              Array [
                Object {
                  "backgroundColor": "rgba(0,0,0,0.4)",
                  "flex": 1,
                },
                undefined,
              ]
            }
          >
            <View
              style={
                Array [
                  Object {
                    "flex": 1,
                    "justifyContent": "center",
                    "paddingHorizontal": 20,
                  },
                ]
              }
            >
              <View
                style={
                  Array [
                    Object {
                      "backgroundColor": "white",
                      "maxHeight": 1274,
                    },
                    undefined,
                  ]
                }
              >
                <RCTScrollView>
                  <View />
                </RCTScrollView>
              </View>
            </View>
          </View>
        </Modal>
      </View>
      <Text
        style={
          Object {
            "bottom": 0,
            "color": "red",
            "elevation": 1,
            "fontSize": 10,
            "justifyContent": "center",
            "marginTop": 10,
            "position": "absolute",
            "textAlign": "center",
          }
        }
      >
        Test
      </Text>
    </View>
  </View>
  <View
    style={
      Object {
        "flex": 1,
        "flexDirection": "row",
      }
    }
  >
    <View
      style={
        Object {
          "alignItems": "flex-start",
          "backgroundColor": "#ffffff",
          "display": "flex",
          "flex": 1,
          "flexBasis": 90,
          "flexDirection": "column",
          "justifyContent": "center",
          "margin": 5,
        }
      }
    >
      <Text
        style={
          Object {
            "flex": 1,
            "fontSize": 16,
            "paddingBottom": 10,
          }
        }
      >
        Address: 
      </Text>
      <TextInput
        allowFontScaling={true}
        autoCorrect={false}
        onChangeText={[Function]}
        placeholder="i.e. 100 North Street"
        rejectResponderTermination={true}
        style={
          Object {
            "backgroundColor": "#ffffff",
            "color": "#000",
            "elevation": 1,
            "flex": 2,
            "fontSize": 18,
            "lineHeight": 3,
            "paddingBottom": 20,
            "paddingLeft": 5,
            "paddingRight": 5,
            "shadowOffset": Object {
              "height": 10,
              "width": 5,
            },
            "shadowOpacity": 1,
            "shadowRadius": 5,
          }
        }
        underlineColorAndroid="transparent"
        underlineColorAnroid="transparent"
        value="Test"
      />
      <Text
        style={
          Object {
            "bottom": 0,
            "color": "red",
            "elevation": 1,
            "fontSize": 10,
            "justifyContent": "center",
            "marginTop": 10,
            "position": "absolute",
            "textAlign": "center",
          }
        }
      >
        Test
      </Text>
    </View>
    <View
      style={
        Object {
          "alignItems": "flex-start",
          "backgroundColor": "#ffffff",
          "display": "flex",
          "flex": 1,
          "flexBasis": 90,
          "flexDirection": "column",
          "justifyContent": "center",
          "margin": 5,
        }
      }
    >
      <Text
        style={
          Object {
            "flex": 1,
            "fontSize": 16,
            "paddingBottom": 10,
          }
        }
      >
        City:
      </Text>
      <TextInput
        allowFontScaling={true}
        autoCorrect={false}
        onChangeText={[Function]}
        placeholder="i.e. Philadelphia"
        rejectResponderTermination={true}
        style={
          Object {
            "backgroundColor": "#ffffff",
            "color": "#000",
            "elevation": 1,
            "flex": 2,
            "fontSize": 18,
            "lineHeight": 3,
            "paddingBottom": 20,
            "paddingLeft": 5,
            "paddingRight": 5,
            "shadowOffset": Object {
              "height": 10,
              "width": 5,
            },
            "shadowOpacity": 1,
            "shadowRadius": 5,
          }
        }
        underlineColorAndroid="transparent"
        underlineColorAnroid="transparent"
        value="Test"
      />
      <Text
        style={
          Object {
            "bottom": 0,
            "color": "red",
            "elevation": 1,
            "fontSize": 10,
            "justifyContent": "center",
            "marginTop": 10,
            "position": "absolute",
            "textAlign": "center",
          }
        }
      >
        Test
      </Text>
    </View>
  </View>
  <View
    style={
      Object {
        "flex": 1,
        "flexDirection": "row",
      }
    }
  >
    <View
      style={
        Object {
          "alignItems": "flex-start",
          "backgroundColor": "#ffffff",
          "display": "flex",
          "flex": 1,
          "flexBasis": 90,
          "flexDirection": "column",
          "justifyContent": "center",
          "margin": 5,
        }
      }
    >
      <Text
        style={
          Object {
            "flex": 1,
            "fontSize": 16,
            "paddingBottom": 10,
          }
        }
      >
        State: 
      </Text>
      <TextInput
        allowFontScaling={true}
        autoCorrect={false}
        onChangeText={[Function]}
        placeholder="i.e. PA"
        rejectResponderTermination={true}
        style={
          Object {
            "backgroundColor": "#ffffff",
            "color": "#000",
            "elevation": 1,
            "flex": 2,
            "fontSize": 18,
            "lineHeight": 3,
            "paddingBottom": 20,
            "paddingLeft": 5,
            "paddingRight": 5,
            "shadowOffset": Object {
              "height": 10,
              "width": 5,
            },
            "shadowOpacity": 1,
            "shadowRadius": 5,
          }
        }
        underlineColorAndroid="transparent"
        underlineColorAnroid="transparent"
        value="Test"
      />
      <Text
        style={
          Object {
            "bottom": 0,
            "color": "red",
            "elevation": 1,
            "fontSize": 10,
            "justifyContent": "center",
            "marginTop": 10,
            "position": "absolute",
            "textAlign": "center",
          }
        }
      >
        Test
      </Text>
    </View>
    <View
      style={
        Object {
          "alignItems": "flex-start",
          "backgroundColor": "#ffffff",
          "display": "flex",
          "flex": 1,
          "flexBasis": 90,
          "flexDirection": "column",
          "justifyContent": "center",
          "margin": 5,
        }
      }
    >
      <Text
        style={
          Object {
            "flex": 1,
            "fontSize": 16,
            "paddingBottom": 10,
          }
        }
      >
        Zipcode: 
      </Text>
      <TextInput
        allowFontScaling={true}
        autoCorrect={false}
        keyboardType="numbers-and-punctuation"
        onChangeText={[Function]}
        placeholder="i.e. 19475"
        rejectResponderTermination={true}
        style={
          Object {
            "backgroundColor": "#ffffff",
            "color": "#000",
            "elevation": 1,
            "flex": 2,
            "fontSize": 18,
            "lineHeight": 3,
            "paddingBottom": 20,
            "paddingLeft": 5,
            "paddingRight": 5,
            "shadowOffset": Object {
              "height": 10,
              "width": 5,
            },
            "shadowOpacity": 1,
            "shadowRadius": 5,
          }
        }
        underlineColorAndroid="transparent"
        underlineColorAnroid="transparent"
        value="Test"
      />
      <Text
        style={
          Object {
            "bottom": 0,
            "color": "red",
            "elevation": 1,
            "fontSize": 10,
            "justifyContent": "center",
            "marginTop": 10,
            "position": "absolute",
            "textAlign": "center",
          }
        }
      >
        Test
      </Text>
    </View>
  </View>
</View>
`;
