// Jest Snapshot v1, https://goo.gl/fbAQLP

exports[`AccountButtons correctly Matches the snapshot 1`] = `
<View>
  <View
    accessible={true}
    focusable={false}
    isTVSelectable={true}
    onClick={[Function]}
    onResponderGrant={[Function]}
    onResponderMove={[Function]}
    onResponderRelease={[Function]}
    onResponderTerminate={[Function]}
    onResponderTerminationRequest={[Function]}
    onStartShouldSetResponder={[Function]}
    style={
      Object {
        "opacity": 1,
      }
    }
  >
    <Text />
  </View>
</View>
`;
